
.vscode/avr.build/output.elf:     file format elf32-avr


Disassembly of section .text:

00000000 <__vectors>:
__vectors():
   0:	0a c0       	rjmp	.+20     	; 0x16 <__ctors_end>
   2:	11 c0       	rjmp	.+34     	; 0x26 <__bad_interrupt>
   4:	11 c0       	rjmp	.+34     	; 0x28 <__vector_2>
   6:	0f c0       	rjmp	.+30     	; 0x26 <__bad_interrupt>
   8:	0e c0       	rjmp	.+28     	; 0x26 <__bad_interrupt>
   a:	0d c0       	rjmp	.+26     	; 0x26 <__bad_interrupt>
   c:	0c c0       	rjmp	.+24     	; 0x26 <__bad_interrupt>
   e:	0b c0       	rjmp	.+22     	; 0x26 <__bad_interrupt>
  10:	0a c0       	rjmp	.+20     	; 0x26 <__bad_interrupt>
  12:	09 c0       	rjmp	.+18     	; 0x26 <__bad_interrupt>
  14:	08 c0       	rjmp	.+16     	; 0x26 <__bad_interrupt>

00000016 <__ctors_end>:
__trampolines_start():
  16:	11 27       	eor	r17, r17
  18:	1f bf       	out	0x3f, r17	; 63
  1a:	cf e5       	ldi	r28, 0x5F	; 95
  1c:	d0 e0       	ldi	r29, 0x00	; 0
  1e:	de bf       	out	0x3e, r29	; 62
  20:	cd bf       	out	0x3d, r28	; 61
  22:	03 d0       	rcall	.+6      	; 0x2a <main>
  24:	20 c0       	rjmp	.+64     	; 0x66 <_exit>

00000026 <__bad_interrupt>:
__vector_1():
  26:	ec cf       	rjmp	.-40     	; 0x0 <__vectors>

00000028 <__vector_2>:
__vector_2():
  28:	18 95       	reti

0000002a <main>:
main():
  2a:	41 b1       	in	r20, 0x01	; 1
  2c:	47 60       	ori	r20, 0x07	; 7
  2e:	41 b9       	out	0x01, r20	; 1
  30:	90 9a       	sbi	0x12, 0	; 18
  32:	83 9a       	sbi	0x10, 3	; 16
  34:	78 94       	sei
  36:	4a b7       	in	r20, 0x3a	; 58
  38:	41 7f       	andi	r20, 0xF1	; 241
  3a:	44 60       	ori	r20, 0x04	; 4
  3c:	4a bf       	out	0x3a, r20	; 58
  3e:	4a b7       	in	r20, 0x3a	; 58
  40:	41 60       	ori	r20, 0x01	; 1
  42:	4a bf       	out	0x3a, r20	; 58
  44:	88 95       	sleep
  46:	4a b7       	in	r20, 0x3a	; 58
  48:	4e 7f       	andi	r20, 0xFE	; 254
  4a:	4a bf       	out	0x3a, r20	; 58
  4c:	10 9a       	sbi	0x02, 0	; 2
  4e:	4f e3       	ldi	r20, 0x3F	; 63
  50:	52 e4       	ldi	r21, 0x42	; 66
  52:	6f e0       	ldi	r22, 0x0F	; 15
  54:	41 50       	subi	r20, 0x01	; 1
  56:	50 40       	sbci	r21, 0x00	; 0
  58:	60 40       	sbci	r22, 0x00	; 0
  5a:	e1 f7       	brne	.-8      	; 0x54 <__SREG__+0x15>
  5c:	00 c0       	rjmp	.+0      	; 0x5e <__SREG__+0x1f>
  5e:	00 00       	nop
  60:	42 b1       	in	r20, 0x02	; 2
  62:	12 b9       	out	0x02, r17	; 2
  64:	ec cf       	rjmp	.-40     	; 0x3e <__SP_H__>

00000066 <_exit>:
exit():
  66:	f8 94       	cli

00000068 <__stop_program>:
__stop_program():
  68:	ff cf       	rjmp	.-2      	; 0x68 <__stop_program>
